// Jest Snapshot v1, https://goo.gl/fbAQLP

exports[`should render correctly 1`] = `
<div
  className="spinner"
>
  <div
    className="css-1xmnk2x"
  />
</div>
`;
